{
    "data": [
        {
            "id": 1,
            "user_id": 1,
            "assignment_id": 1,
            "progress": 1,
            "score": null,
            "completed_at": "2020-08-08 00:00:00",
            "created_at": "2020-08-08 00:00:00",
            "updated_at": "2020-08-08 00:00:00"
        }
    ]
}
