{
    "data": [
        {
            "id": 1,
            "token": "foo",
            "type": 1,
            "name": "Foo",
            "description": null,
            "source": "https:\/\/foo.bar",
            "content": null,
            "cover_image": "https:\/\/foo.bar",
            "length": 3.21,
            "created_at": "2020-08-08 00:00:00",
            "updated_at": "2020-08-08 00:00:00",
            "laravel_through_key": "1",
            "modal": "video-modal",
            "categories": [],
            "types": []
        }
    ]
}
