{
    "data": [
        {
            "id": 1,
            "token": "foo",
            "name": "Foo",
            "description": null,
            "created_at": "2020-08-08 00:00:00",
            "updated_at": "2020-08-08 00:00:00",
            "laravel_through_key": "1",
            "route": "http:\/\/localhost\/modules\/foo",
            "categories": [],
            "types": []
        }
    ]
}
